// Jest Snapshot v1, https://goo.gl/fbAQLP

exports[`ImageModal Snapshot renders correctly 1`] = `<DocumentFragment />`;
