// Jest Snapshot v1, https://goo.gl/fbAQLP

exports[`GalleryImage should match a snapshot 1`] = `
<DocumentFragment>
  <img
    class="sc-eqUzNf kKuVAn"
    src="https://test.test"
  />
</DocumentFragment>
`;
