// Jest Snapshot v1, https://goo.gl/fbAQLP

exports[`Footer Footer snapshot 1`] = `
<DocumentFragment>
  <div
    class="sc-aYaIB gNATAA"
  >
    Â© 2018-2024
  </div>
</DocumentFragment>
`;
