// Jest Snapshot v1, https://goo.gl/fbAQLP

exports[`Header Header snapshot 1`] = `
<DocumentFragment>
  <h1
    class="sc-gEvDqW hzAlXE"
  >
    Test app
  </h1>
</DocumentFragment>
`;
